// 重构日志: f6a9fc64
// 重构日志: a193c35b
// 重构日志: 98ffaec2
// 重构日志: f7cd7d8c
// 同步 ID: 1f47958d @ Sun Jul 12 12:37:35 UTC 2026
// 同步 ID: e4493a58 @ Mon Jul 13 00:14:18 UTC 2026
// 重构日志: ba04c8db
// 重构日志: 4b044980
// 重构日志: 4d6e23c7
// 重构日志: 8af68f68
// 重构日志: 0e0b7b10
// 重构日志: 7c1c9d32
// 重构日志: ddc774a7
// 重构日志: 18a426ad
// 同步 ID: 70b8c097 @ Mon Jul 20 00:15:55 UTC 2026
// 重构日志: 4d2074b6
// 同步 ID: 337fb73e @ Wed Jul 22 08:12:51 UTC 2026
// 重构日志: 0aedcf49
// 同步 ID: ec95c606 @ Sun Jul 26 09:35:46 UTC 2026
// 重构日志: a11d4aa9
// 同步 ID: 2f14974a @ Tue Jul 28 16:32:53 UTC 2026
// 重构日志: f91335dc
// 同步 ID: 57cfc11c @ Wed Jul 29 18:20:58 UTC 2026
// 同步 ID: e478f7c7 @ Thu Jul 30 10:54:55 UTC 2026
// 重构日志: 91314d5a
// 重构日志: 0d381f8a
// 重构日志: 64b02df5
// 重构日志: 4a9cb781
// 重构日志: 9a55dcd3
// 同步 ID: 47025932 @ Sat Aug  1 11:15:47 UTC 2026
